{
  "profile": {
    "ttft_budget_ms": 1000.0,
    "manifest_budget_ms": 60.0,
    "co_search_p95_ms": 50.0,
    "time_bucket_p95_ms": 20.0,
    "propagation_budget_ms": 50.0,
    "propagation_max_nodes": 500,
    "propagation_max_depth": 2,
    "manifest_token_tier": {
      "SAFETY": 512,
      "ROUTINE": 2048,
      "REVIEW": 8192
    },
    "active_window_tokens": 1500,
    "cjk_bigram_min_recall": 1,
    "max_postings_per_object": 8
  },
  "scale": {
    "objects": 100000,
    "tasks": 50000
  },
  "fixture_truth": {
    "tri_all_three_terms": 333,
    "duo_two_terms": 666,
    "alias_mother": 111,
    "fixture_month": "2024-03"
  },
  "build": {
    "occurred_at_range": {
      "min": "2023-11-14T22:19:18",
      "max": "2024-11-13T22:09:15"
    },
    "insert_and_index_ms": 5266.4,
    "analyze_ms": 149.8,
    "db_size_mb": 87.4,
    "bytes_per_row": 916.5,
    "postings_rows": 625760,
    "postings_per_object": 6.26
  },
  "time_bucket_build": {
    "ms": 457.5,
    "rows_by_kind": {
      "DAY": 8774,
      "MONTH": 312,
      "YEAR": 48
    }
  },
  "task_build": {
    "ms": 1300.0,
    "tasks": 50000
  },
  "edge_build": {
    "ms": 5063.1,
    "edges": 504995,
    "hub_fanout": 4999
  },
  "v1_ready_queue": {
    "materialized_ready_read_ms": {
      "p50": 0.008,
      "p95": 0.035,
      "top_n": 8
    },
    "wake_time_budget_ms": 5.0,
    "tasks": 50000,
    "wake_ts": "2024-03-01T00:00:00",
    "fired_event_keys": [
      "sub:妈妈",
      "sub:生日"
    ],
    "naive_full_scan_ms": {
      "p50": 182.471,
      "p95": 192.248
    },
    "subscription_index_ms": {
      "p50": 17.143,
      "p95": 19.218
    },
    "ready_set_size": {
      "naive": 7092,
      "indexed": 7092
    },
    "correctness_ready_sets_equal": true,
    "unknown_not_woken_but_kept": {
      "count": 21615,
      "census_ms": 52.2,
      "rule": "UNKNOWN 既不 READY 也不丢弃（三值律）；其普查是巡检查询，**不得进入调度热路径**（否则会吃掉整个 1 s 首字预算）"
    },
    "speedup_p95": 10.0,
    "acceptance": "READY 计算不得遍历全部任务；两条路径 READY 集合必须完全相等；Wake 时只读物化 READY 队列的 top-N（<= 5 ms），全量重算只能是**增量维护**动作；WAITING/UNKNOWN 任务不得进入 manifest（I4）"
  },
  "v2_co_search": {
    "terms": [
      "妈妈",
      "生日",
      "礼物"
    ],
    "objects": 100000,
    "like_scan": {
      "hits": 222,
      "p50_ms": 26.602,
      "p95_ms": 30.693
    },
    "fts5_raw_unicode61_AS_BUILT": {
      "hits": 0,
      "p95_ms": 0.027,
      "note": "**未预分词**的原始中文 = as-built 做法；连续中文串按整段成一个 token，故命中恒为 0 且**不报错**"
    },
    "raw_two_char_hits": 0,
    "presegmented_two_char_hits": 13620,
    "fts5_presegmented_and": {
      "hits": 333,
      "p95_ms": 1.179,
      "note": "预分词后 AND 共现（设计书采用路径）"
    },
    "term_postings_3way_group_by": {
      "hits": 333,
      "p50_ms": 18.881,
      "p95_ms": 18.98,
      "verdict": "**REJECTED_PLAN**：3 路 GROUP BY + HAVING 在 1M 对象 / 6.26M postings 上超出 50 ms 门；本探针保留它只为交叉核对命中数（真值对照）"
    },
    "term_postings_pairwise_selectivity_ordered": {
      "hits": 333,
      "p50_ms": 9.135,
      "p95_ms": 9.689,
      "selectivity_postings_counts": [
        12994,
        13463,
        13620
      ],
      "verdict": "**ADOPTED_PLAN-A**：按 postings 基数升序做两两 JOIN 交集"
    },
    "term_postings_pairwise_topk_early_termination": {
      "hits_capped": 200,
      "p50_ms": 0.225,
      "p95_ms": 0.253,
      "verdict": "**ADOPTED_PLAN-C**：无锚定时必须 top-K 早停 + 后置排序，绝不做全量交集计数（全量计数见 REJECTED_PLAN）"
    },
    "term_postings_entity_anchored": {
      "hits": 1,
      "p95_ms": 0.079,
      "verdict": "**ADOPTED_PLAN-B**：实体锚定预过滤（第八十九条），单实体范围内三词共现"
    },
    "two_char_term_recall": {
      "like_full_scan": 13620,
      "postings": 13620,
      "fts5_raw": 0,
      "fts5_presegmented": 13620,
      "acceptance": "必须 > 0（I7）；实测 postings=13620, presegmented=13620, raw=0"
    },
    "alias_recall_postings": 13105,
    "verdict": {
      "postings_pairwise_p95_under_gate": true,
      "postings_entity_anchored_p95_under_gate": true,
      "postings_topk_p95_under_gate": true,
      "postings_3way_group_by_p95_under_gate": true,
      "fts_and_p95_under_gate": true,
      "gate_ms": 50.0,
      "best_adopted_p95_ms": 0.079,
      "worst_rejected_p95_ms": 18.98,
      "rejected_slower_than_best_adopted": true,
      "absolute_reject_applicable": false,
      "absolute_reject_note": "本档 objects=100000；绝对超门断言的适用下限 = 1000000。小档若'驳回计划没超门'不代表计划可用，只代表**该档无法证明它不可用** ⇒ 标 NOT_APPLICABLE_AT_SCALE，由放行门的 1M 档负责绝对判定（铁律 2：SLO 必须绑定规模档）",
      "like_vs_postings_speedup_p95": 1.6,
      "correctness_postings_superset_of_like": true,
      "correctness_alias_gap_explained": true,
      "correctness_note": "LIKE 只能命中字面串；postings 走**别名归一**（母亲 ≡ 妈妈），故 postings 命中必须是 LIKE 的超集，且超出部分必须**恰好等于**别名 fixture 行数 —— 差值对不上就说明索引或别名表有 bug",
      "fixture_truth": {
        "tri_all_three_terms": 333,
        "duo_two_terms": 666,
        "alias_mother": 111,
        "fixture_month": "2024-03"
      }
    }
  },
  "v3_time_slider": {
    "scan_occurred_at_month_window": {
      "rows": 9567,
      "p50_ms": 13.723,
      "p95_ms": 13.787
    },
    "scan_occurred_at_year_window": {
      "rows": 87238,
      "p50_ms": 14.022,
      "p95_ms": 14.03
    },
    "scan_learned_at_indexed_month": {
      "rows": 9053,
      "p95_ms": 0.493,
      "note": "旧口径；与宪法要求的发生时间不同源"
    },
    "bucket_day": {
      "buckets_scanned": 744,
      "objects": 9567,
      "p50_ms": 0.07,
      "p95_ms": 0.091
    },
    "bucket_month": {
      "buckets_scanned": 24,
      "objects": 9567,
      "p50_ms": 0.006,
      "p95_ms": 0.01
    },
    "bucket_year": {
      "buckets_scanned": 24,
      "objects": 87238,
      "p50_ms": 0.006,
      "p95_ms": 0.008
    },
    "year_via_day_bucket_summation": {
      "p50_ms": 0.621,
      "p95_ms": 0.648,
      "day_buckets": 744
    },
    "year_via_year_bucket": {
      "p95_ms": 0.008
    },
    "year_bucket_speedup": 81.0,
    "drilldown_page200": {
      "rows": 200,
      "p95_ms": 16.539
    },
    "acceptance": "宏观档必须只读桶；DAY/MONTH/YEAR 桶查询 p95 <= 20.0 ms；1y 档必须读**年桶**（日桶求和随天数线性退化）；窗口一律按 occurred_at，禁止用 learned_at 冒充",
    "gate_pass": true,
    "non_vacuous": true
  },
  "v4_manifest": {
    "assembly_ms": {
      "p50": 0.048,
      "p95": 0.091
    },
    "budget_ms": 60.0,
    "gate_pass": true,
    "token_estimate": 562,
    "tier_ceiling": 2048,
    "manifest_hash": "ffc0e9b0198d2f0c",
    "system_filler_turns": 0,
    "waiting_tasks_in_manifest": 0,
    "acceptance": "四步序 = **单次 prompt 内 4 个 segment**（I5），不是 4 次模型往返；manifest 只挂 READY（I4）；receipt 落库使'模型当时看到什么'可复现"
  },
  "v5_propagation": {
    "unbounded_in_memory": {
      "ms": 878.2,
      "reached_objects": 99341,
      "note": "复刻现状 dependency/graph.py 的全量入内存做法"
    },
    "bounded_budgeted": {
      "p50_ms": 1.039,
      "p95_ms": 5.422,
      "visited": 500,
      "truncated": true,
      "budget_nodes": 500,
      "budget_depth": 2
    },
    "speedup": 162.0,
    "gate_pass": true,
    "acceptance": "超节点必须有界；普通 RELATES_TO 不传播；未重算的旧总结不得静默冒充 CURRENT（读时有效性守卫）；语义 no-op（只换措辞）不得触发传播"
  },
  "v6_write_path": {
    "fsync_FULL_per_commit_ms": {
      "p50": 0.145,
      "p95": 0.258
    },
    "group_commit_200_rows_ms": 0.05,
    "projected_daily_fsync_s": {
      "per_row_commit_FULL": 0.16,
      "group_commit_NORMAL": 0.0003
    },
    "acceptance": "摄入必须 group commit；预算必须 reserve→settle 两阶段（I3）"
  },
  "v7_pipeline": {
    "conversations": 20,
    "turns_per_conv": 50,
    "active_window_token_budget": 1500,
    "first_pass_ms": 6.4,
    "retry_pass_ms": 8.8,
    "retried_conversations": 10,
    "claims": {
      "before_retry": 470,
      "after_retry": 940,
      "duplicate_conv_seq_pairs": 0
    },
    "claims_expected_total": 940,
    "idempotent_under_crash_retry": true,
    "idempotency_rule": "重试**补齐**被回滚的工作（claims 增长是正确的），但 (conv_id, seq) 不得出现第二次 ⇒ 以 dup==0 且总数==期望值判定",
    "unfinalized_turns_extracted": 0,
    "max_watermark_lag_tokens": 0,
    "acceptance": "crash/retry 不得产生重复 Claim；未 finalize 的 turn 不得被萃取；前台窗口 token 必须 <= profile 预算；水位 lag 超阈值时前台保留未萃取原文"
  },
  "invariant_selfcheck": {
    "I4_waiting_task_in_receipt": "ENFORCED_BY_DDL",
    "I5_system_filler_turn": "ENFORCED_BY_DDL",
    "I3_unreserved_negative": "ENFORCED_BY_DDL"
  },
  "schema": {
    "tables": [
      "conv_turn",
      "cp_budget_ledger",
      "cp_context_receipt",
      "cp_deadline",
      "cp_index_watermark",
      "dep_edge",
      "extracted_claim",
      "extraction_job",
      "extraction_watermark",
      "invalidation_frontier",
      "obs",
      "obs_fts",
      "obs_fts_config",
      "obs_fts_content",
      "obs_fts_data",
      "obs_fts_docsize",
      "obs_fts_idx",
      "obs_fts_raw",
      "obs_fts_raw_config",
      "obs_fts_raw_content",
      "obs_fts_raw_data",
      "obs_fts_raw_docsize",
      "obs_fts_raw_idx",
      "task_occurrence",
      "task_queue",
      "term_dict",
      "term_postings",
      "time_bucket",
      "trigger_expression"
    ],
    "table_count": 29,
    "indexes": [
      "ix_cp_ledger_scope",
      "ix_edge_src",
      "ix_expr_subkey",
      "ix_expr_task",
      "ix_obs_entity",
      "ix_obs_learned",
      "ix_postings_obj",
      "ix_task_next_fire",
      "ix_task_ready",
      "ix_turn_conv"
    ],
    "db_size_mb": 158.6
  },
  "gates": {
    "G1_ready_queue_not_full_scan": true,
    "G2_co_search_adopted_plans_p95": true,
    "G2b_rejected_plans_slower_than_adopted": true,
    "G3_cjk_recall_nonzero": true,
    "G4_time_bucket_gate": true,
    "G5_manifest_budget": true,
    "G6_propagation_bounded": true,
    "G7_invariants_enforced_by_ddl": true,
    "G8_ready_sets_equal": true,
    "G9_postings_recall_superset_and_alias_gap_exact": true,
    "G10_time_window_non_vacuous": true,
    "G11_pipeline_idempotent": true,
    "G12_no_unfinalized_extraction": true
  },
  "gates_not_applicable": {
    "G2b_rejected_plans_over_gate_at_scale": "NOT_APPLICABLE_AT_SCALE：本档 objects=100000 < 1000000；被驳回计划在本档未超门只说明**本档无法证明其不可用**，绝对判定归 1M 放行档"
  },
  "gate_count_applicable": 13,
  "all_gates_pass": true,
  "provenance": {
    "probe_version": "1.1.0",
    "changelog": {
      "1.0.0": "13 门首版；1M 全绿（工件 verify_reconstruction_design_1m_result.json 的原始产出者）",
      "1.1.0": "① 新增 100k CI 档；② G2b 拆成 scale-invariant 的**排序断言**（所有档）与**绝对超门断言**（仅 ≥1M 档），小档显式标 NOT_APPLICABLE_AT_SCALE 而非静默跳过；③ 输出自带 script_sha256/probe_version/scale，供 PROVENANCE.json 绑定"
    },
    "script_sha256": "3b2182e77784c5ec4718a6ab7cce2f716e82d0dd63dceec59764220ef8750481",
    "script_path": "/home/user/fantonghui/reviews/architecture/evidence/verify_reconstruction_design.py",
    "ci_scale": true,
    "scale_label": "100k",
    "objects": 100000,
    "tasks": 50000,
    "gate_applicability": {
      "G2b_rejected_plans_over_gate_at_scale": "NOT_APPLICABLE_AT_SCALE"
    },
    "note": "工件自证：script_sha256 必须与 evidence/PROVENANCE.json 及 SHA256SUMS 中登记的脚本哈希一致，否则该工件不得被引用为设计书数字来源"
  },
  "environment": {
    "python": "3.11.2",
    "sqlite": "3.40.1",
    "platform": "Linux-6.1.158+-x86_64-with-glibc2.36",
    "cpu_count": 2,
    "scale": "100k",
    "wall_ms": 16215.0,
    "disclaimer": "合成数据 + 容器文件系统；数字用于**方案间相对比较与门限可达性证明**，不是产品 SLO 承诺；实体手环闪存与真实模型延迟不在本探针范围内"
  }
}

JSON_SUMMARY {"all_gates_pass": true, "gates": {"G1_ready_queue_not_full_scan": true, "G2_co_search_adopted_plans_p95": true, "G2b_rejected_plans_slower_than_adopted": true, "G3_cjk_recall_nonzero": true, "G4_time_bucket_gate": true, "G5_manifest_budget": true, "G6_propagation_bounded": true, "G7_invariants_enforced_by_ddl": true, "G8_ready_sets_equal": true, "G9_postings_recall_superset_and_alias_gap_exact": true, "G10_time_window_non_vacuous": true, "G11_pipeline_idempotent": true, "G12_no_unfinalized_extraction": true}, "scale": "100k", "db_size_mb": 158.6}
