test_independent_robustness_b9b5921c.py::test_typed_and_plain_reference_identity_never_aliases[plain-to-typed-metadata-object]
test_independent_robustness_b9b5921c.py::test_typed_and_plain_reference_identity_never_aliases[plain-to-typed-metadata-source]
test_independent_robustness_b9b5921c.py::test_typed_and_plain_reference_identity_never_aliases[plain-to-typed-value-object]
test_independent_robustness_b9b5921c.py::test_typed_and_plain_reference_identity_never_aliases[plain-to-typed-value-source]
test_independent_robustness_b9b5921c.py::test_typed_and_plain_reference_identity_never_aliases[plain-to-typed-arguments-object]
test_independent_robustness_b9b5921c.py::test_typed_and_plain_reference_identity_never_aliases[plain-to-typed-arguments-source]
test_independent_robustness_b9b5921c.py::test_typed_and_plain_reference_identity_never_aliases[plain-to-typed-filters-object]
test_independent_robustness_b9b5921c.py::test_typed_and_plain_reference_identity_never_aliases[plain-to-typed-filters-source]
test_independent_robustness_b9b5921c.py::test_typed_and_plain_reference_identity_never_aliases[typed-to-plain-metadata-object]
test_independent_robustness_b9b5921c.py::test_typed_and_plain_reference_identity_never_aliases[typed-to-plain-metadata-source]
test_independent_robustness_b9b5921c.py::test_typed_and_plain_reference_identity_never_aliases[typed-to-plain-value-object]
test_independent_robustness_b9b5921c.py::test_typed_and_plain_reference_identity_never_aliases[typed-to-plain-value-source]
test_independent_robustness_b9b5921c.py::test_typed_and_plain_reference_identity_never_aliases[typed-to-plain-arguments-object]
test_independent_robustness_b9b5921c.py::test_typed_and_plain_reference_identity_never_aliases[typed-to-plain-arguments-source]
test_independent_robustness_b9b5921c.py::test_typed_and_plain_reference_identity_never_aliases[typed-to-plain-filters-object]
test_independent_robustness_b9b5921c.py::test_typed_and_plain_reference_identity_never_aliases[typed-to-plain-filters-source]
test_independent_robustness_b9b5921c.py::test_exact_typed_reference_retry_replays_after_reopen[metadata-object]
test_independent_robustness_b9b5921c.py::test_exact_typed_reference_retry_replays_after_reopen[metadata-source]
test_independent_robustness_b9b5921c.py::test_exact_typed_reference_retry_replays_after_reopen[value-object]
test_independent_robustness_b9b5921c.py::test_exact_typed_reference_retry_replays_after_reopen[value-source]
test_independent_robustness_b9b5921c.py::test_exact_typed_reference_retry_replays_after_reopen[arguments-object]
test_independent_robustness_b9b5921c.py::test_exact_typed_reference_retry_replays_after_reopen[arguments-source]
test_independent_robustness_b9b5921c.py::test_exact_typed_reference_retry_replays_after_reopen[filters-object]
test_independent_robustness_b9b5921c.py::test_exact_typed_reference_retry_replays_after_reopen[filters-source]
test_independent_robustness_b9b5921c.py::test_exact_plain_reference_shaped_dict_retry_replays_after_reopen[metadata]
test_independent_robustness_b9b5921c.py::test_exact_plain_reference_shaped_dict_retry_replays_after_reopen[value]
test_independent_robustness_b9b5921c.py::test_exact_plain_reference_shaped_dict_retry_replays_after_reopen[arguments]
test_independent_robustness_b9b5921c.py::test_exact_plain_reference_shaped_dict_retry_replays_after_reopen[filters]
test_independent_robustness_b9b5921c.py::test_non_durable_values_are_protocol_errors_and_atomic[False-invalid-bytes-object-object-invalid-bytes]
test_independent_robustness_b9b5921c.py::test_non_durable_values_are_protocol_errors_and_atomic[False-invalid-bytes-arguments-arguments-invalid-bytes]
test_independent_robustness_b9b5921c.py::test_non_durable_values_are_protocol_errors_and_atomic[False-surrogate-object-object-surrogate]
test_independent_robustness_b9b5921c.py::test_non_durable_values_are_protocol_errors_and_atomic[False-cycle-arguments-arguments-cycle]
test_independent_robustness_b9b5921c.py::test_non_durable_values_are_protocol_errors_and_atomic[False-deep-object-object-deep]
test_independent_robustness_b9b5921c.py::test_non_durable_values_are_protocol_errors_and_atomic[False-huge-int-arguments-arguments-huge-int]
test_independent_robustness_b9b5921c.py::test_non_durable_values_are_protocol_errors_and_atomic[False-nan-object-object-nan]
test_independent_robustness_b9b5921c.py::test_non_durable_values_are_protocol_errors_and_atomic[False-infinity-arguments-arguments-infinity]
test_independent_robustness_b9b5921c.py::test_non_durable_values_are_protocol_errors_and_atomic[False-unsupported-object-object-unsupported]
test_independent_robustness_b9b5921c.py::test_non_durable_values_are_protocol_errors_and_atomic[True-invalid-bytes-object-object-invalid-bytes]
test_independent_robustness_b9b5921c.py::test_non_durable_values_are_protocol_errors_and_atomic[True-invalid-bytes-arguments-arguments-invalid-bytes]
test_independent_robustness_b9b5921c.py::test_non_durable_values_are_protocol_errors_and_atomic[True-surrogate-object-object-surrogate]
test_independent_robustness_b9b5921c.py::test_non_durable_values_are_protocol_errors_and_atomic[True-cycle-arguments-arguments-cycle]
test_independent_robustness_b9b5921c.py::test_non_durable_values_are_protocol_errors_and_atomic[True-deep-object-object-deep]
test_independent_robustness_b9b5921c.py::test_non_durable_values_are_protocol_errors_and_atomic[True-huge-int-arguments-arguments-huge-int]
test_independent_robustness_b9b5921c.py::test_non_durable_values_are_protocol_errors_and_atomic[True-nan-object-object-nan]
test_independent_robustness_b9b5921c.py::test_non_durable_values_are_protocol_errors_and_atomic[True-infinity-arguments-arguments-infinity]
test_independent_robustness_b9b5921c.py::test_non_durable_values_are_protocol_errors_and_atomic[True-unsupported-object-object-unsupported]
test_independent_robustness_b9b5921c.py::test_allowed_extra_fields_inside_any_are_preserved
test_independent_robustness_b9b5921c.py::test_dirty_nested_schema_forbidden_field_is_rejected
test_independent_robustness_b9b5921c.py::test_dirty_canonical_object_extra_is_rejected_not_dropped
test_independent_robustness_b9b5921c.py::test_dirty_canonical_extra_cannot_false_replay_existing_key
test_independent_robustness_b9b5921c.py::test_model_copy_valid_field_update_is_preserved
test_independent_robustness_b9b5921c.py::test_dirty_string_revision_is_canonicalized_before_persistence_and_replay[object]
test_independent_robustness_b9b5921c.py::test_dirty_string_revision_is_canonicalized_before_persistence_and_replay[source]
test_independent_robustness_b9b5921c.py::test_dirty_reference_invalid_forms_fail_closed_and_atomic[False-malformed-object]
test_independent_robustness_b9b5921c.py::test_dirty_reference_invalid_forms_fail_closed_and_atomic[False-malformed-source]
test_independent_robustness_b9b5921c.py::test_dirty_reference_invalid_forms_fail_closed_and_atomic[False-negative-object]
test_independent_robustness_b9b5921c.py::test_dirty_reference_invalid_forms_fail_closed_and_atomic[False-negative-source]
test_independent_robustness_b9b5921c.py::test_dirty_reference_invalid_forms_fail_closed_and_atomic[False-unknown-field-object]
test_independent_robustness_b9b5921c.py::test_dirty_reference_invalid_forms_fail_closed_and_atomic[False-unknown-field-source]
test_independent_robustness_b9b5921c.py::test_dirty_reference_invalid_forms_fail_closed_and_atomic[True-malformed-object]
test_independent_robustness_b9b5921c.py::test_dirty_reference_invalid_forms_fail_closed_and_atomic[True-malformed-source]
test_independent_robustness_b9b5921c.py::test_dirty_reference_invalid_forms_fail_closed_and_atomic[True-negative-object]
test_independent_robustness_b9b5921c.py::test_dirty_reference_invalid_forms_fail_closed_and_atomic[True-negative-source]
test_independent_robustness_b9b5921c.py::test_dirty_reference_invalid_forms_fail_closed_and_atomic[True-unknown-field-object]
test_independent_robustness_b9b5921c.py::test_dirty_reference_invalid_forms_fail_closed_and_atomic[True-unknown-field-source]
test_independent_robustness_b9b5921c.py::test_dirty_expected_world_revision_string_normalizes_and_replays
test_independent_robustness_b9b5921c.py::test_dirty_operation_id_bytes_normalizes_before_sqlite
test_independent_robustness_b9b5921c.py::test_dirty_idempotency_key_bytes_normalizes_and_exact_replays
test_independent_robustness_b9b5921c.py::test_dirty_invalid_idempotency_lookup_values_are_invalid_argument_and_atomic[bad_key0]
test_independent_robustness_b9b5921c.py::test_dirty_invalid_idempotency_lookup_values_are_invalid_argument_and_atomic[None]
test_independent_robustness_b9b5921c.py::test_dirty_invalid_idempotency_lookup_values_are_invalid_argument_and_atomic[   ]
test_independent_robustness_b9b5921c.py::test_existing_key_dirty_operation_has_conflict_priority_and_is_atomic[expected_world_revision-not-an-int]
test_independent_robustness_b9b5921c.py::test_existing_key_dirty_operation_has_conflict_priority_and_is_atomic[operation_id-bad_value1]
test_independent_robustness_b9b5921c.py::test_existing_key_dirty_operation_has_conflict_priority_and_is_atomic[arguments-bad_value2]
test_independent_robustness_b9b5921c.py::test_legacy_unambiguous_json_exact_replay_remains_compatible
test_independent_robustness_b9b5921c.py::test_legacy_ambiguous_ref_shaped_plain_json_fails_closed[plain_value0]
test_independent_robustness_b9b5921c.py::test_legacy_ambiguous_ref_shaped_plain_json_fails_closed[plain_value1]
test_independent_robustness_b9b5921c.py::test_legacy_row_never_guesses_typed_reference_equal_to_opaque_dict[object]
test_independent_robustness_b9b5921c.py::test_legacy_row_never_guesses_typed_reference_equal_to_opaque_dict[source]
test_independent_robustness_b9b5921c.py::test_missing_reference_is_not_found_and_atomic
test_independent_robustness_b9b5921c.py::test_current_or_floating_self_reference_is_dependency_invalid[None]
test_independent_robustness_b9b5921c.py::test_current_or_floating_self_reference_is_dependency_invalid[1]
test_independent_robustness_b9b5921c.py::test_pinned_self_reference_to_prior_revision_is_allowed
test_independent_robustness_b9b5921c.py::test_same_transaction_reference_is_visible_when_time_consistent
test_independent_robustness_b9b5921c.py::test_evidence_set_cutoff_excludes_future_known_reference
test_independent_robustness_b9b5921c.py::test_generic_future_known_reference_is_not_visible
test_independent_robustness_b9b5921c.py::test_stale_expected_world_revision_is_version_conflict_and_atomic
test_independent_robustness_b9b5921c.py::test_canonical_object_type_persists_as_declared
test_independent_robustness_b9b5921c.py::test_wrong_concrete_model_claiming_other_canonical_type_is_rejected
test_independent_robustness_b9b5921c.py::test_dirty_equivalent_object_type_string_normalizes
test_independent_robustness_b9b5921c.py::test_unknown_dirty_object_type_is_invalid_argument_and_atomic
test_independent_robustness_b9b5921c.py::test_non_string_mapping_keys_are_rejected_without_silent_collision[value0]
test_independent_robustness_b9b5921c.py::test_non_string_mapping_keys_are_rejected_without_silent_collision[value1]
test_independent_robustness_b9b5921c.py::test_non_string_mapping_key_in_operation_arguments_is_atomic

94 tests collected in 0.22s
