============================= test session starts ==============================
platform linux -- Python 3.12.14, pytest-8.4.2, pluggy-1.6.0 -- /opt/hostedtoolcache/Python/3.12.14/x64/bin/python
cachedir: .pytest_cache
rootdir: /home/runner/work/fantonghui/fantonghui/candidate
configfile: pyproject.toml
collecting ... collected 94 items

test_independent_robustness_b9b5921c.py::test_typed_and_plain_reference_identity_never_aliases[plain-to-typed-metadata-object] PASSED [  1%]
test_independent_robustness_b9b5921c.py::test_typed_and_plain_reference_identity_never_aliases[plain-to-typed-metadata-source] PASSED [  2%]
test_independent_robustness_b9b5921c.py::test_typed_and_plain_reference_identity_never_aliases[plain-to-typed-value-object] PASSED [  3%]
test_independent_robustness_b9b5921c.py::test_typed_and_plain_reference_identity_never_aliases[plain-to-typed-value-source] PASSED [  4%]
test_independent_robustness_b9b5921c.py::test_typed_and_plain_reference_identity_never_aliases[plain-to-typed-arguments-object] PASSED [  5%]
test_independent_robustness_b9b5921c.py::test_typed_and_plain_reference_identity_never_aliases[plain-to-typed-arguments-source] PASSED [  6%]
test_independent_robustness_b9b5921c.py::test_typed_and_plain_reference_identity_never_aliases[plain-to-typed-filters-object] PASSED [  7%]
test_independent_robustness_b9b5921c.py::test_typed_and_plain_reference_identity_never_aliases[plain-to-typed-filters-source] PASSED [  8%]
test_independent_robustness_b9b5921c.py::test_typed_and_plain_reference_identity_never_aliases[typed-to-plain-metadata-object] PASSED [  9%]
test_independent_robustness_b9b5921c.py::test_typed_and_plain_reference_identity_never_aliases[typed-to-plain-metadata-source] PASSED [ 10%]
test_independent_robustness_b9b5921c.py::test_typed_and_plain_reference_identity_never_aliases[typed-to-plain-value-object] PASSED [ 11%]
test_independent_robustness_b9b5921c.py::test_typed_and_plain_reference_identity_never_aliases[typed-to-plain-value-source] PASSED [ 12%]
test_independent_robustness_b9b5921c.py::test_typed_and_plain_reference_identity_never_aliases[typed-to-plain-arguments-object] PASSED [ 13%]
test_independent_robustness_b9b5921c.py::test_typed_and_plain_reference_identity_never_aliases[typed-to-plain-arguments-source] PASSED [ 14%]
test_independent_robustness_b9b5921c.py::test_typed_and_plain_reference_identity_never_aliases[typed-to-plain-filters-object] PASSED [ 15%]
test_independent_robustness_b9b5921c.py::test_typed_and_plain_reference_identity_never_aliases[typed-to-plain-filters-source] PASSED [ 17%]
test_independent_robustness_b9b5921c.py::test_exact_typed_reference_retry_replays_after_reopen[metadata-object] PASSED [ 18%]
test_independent_robustness_b9b5921c.py::test_exact_typed_reference_retry_replays_after_reopen[metadata-source] PASSED [ 19%]
test_independent_robustness_b9b5921c.py::test_exact_typed_reference_retry_replays_after_reopen[value-object] PASSED [ 20%]
test_independent_robustness_b9b5921c.py::test_exact_typed_reference_retry_replays_after_reopen[value-source] PASSED [ 21%]
test_independent_robustness_b9b5921c.py::test_exact_typed_reference_retry_replays_after_reopen[arguments-object] PASSED [ 22%]
test_independent_robustness_b9b5921c.py::test_exact_typed_reference_retry_replays_after_reopen[arguments-source] PASSED [ 23%]
test_independent_robustness_b9b5921c.py::test_exact_typed_reference_retry_replays_after_reopen[filters-object] PASSED [ 24%]
test_independent_robustness_b9b5921c.py::test_exact_typed_reference_retry_replays_after_reopen[filters-source] PASSED [ 25%]
test_independent_robustness_b9b5921c.py::test_exact_plain_reference_shaped_dict_retry_replays_after_reopen[metadata] PASSED [ 26%]
test_independent_robustness_b9b5921c.py::test_exact_plain_reference_shaped_dict_retry_replays_after_reopen[value] PASSED [ 27%]
test_independent_robustness_b9b5921c.py::test_exact_plain_reference_shaped_dict_retry_replays_after_reopen[arguments] PASSED [ 28%]
test_independent_robustness_b9b5921c.py::test_exact_plain_reference_shaped_dict_retry_replays_after_reopen[filters] PASSED [ 29%]
test_independent_robustness_b9b5921c.py::test_non_durable_values_are_protocol_errors_and_atomic[False-invalid-bytes-object-object-invalid-bytes] PASSED [ 30%]
test_independent_robustness_b9b5921c.py::test_non_durable_values_are_protocol_errors_and_atomic[False-invalid-bytes-arguments-arguments-invalid-bytes] PASSED [ 31%]
test_independent_robustness_b9b5921c.py::test_non_durable_values_are_protocol_errors_and_atomic[False-surrogate-object-object-surrogate] PASSED [ 32%]
test_independent_robustness_b9b5921c.py::test_non_durable_values_are_protocol_errors_and_atomic[False-cycle-arguments-arguments-cycle] PASSED [ 34%]
test_independent_robustness_b9b5921c.py::test_non_durable_values_are_protocol_errors_and_atomic[False-deep-object-object-deep] PASSED [ 35%]
test_independent_robustness_b9b5921c.py::test_non_durable_values_are_protocol_errors_and_atomic[False-huge-int-arguments-arguments-huge-int] PASSED [ 36%]
test_independent_robustness_b9b5921c.py::test_non_durable_values_are_protocol_errors_and_atomic[False-nan-object-object-nan] PASSED [ 37%]
test_independent_robustness_b9b5921c.py::test_non_durable_values_are_protocol_errors_and_atomic[False-infinity-arguments-arguments-infinity] PASSED [ 38%]
test_independent_robustness_b9b5921c.py::test_non_durable_values_are_protocol_errors_and_atomic[False-unsupported-object-object-unsupported] PASSED [ 39%]
test_independent_robustness_b9b5921c.py::test_non_durable_values_are_protocol_errors_and_atomic[True-invalid-bytes-object-object-invalid-bytes] PASSED [ 40%]
test_independent_robustness_b9b5921c.py::test_non_durable_values_are_protocol_errors_and_atomic[True-invalid-bytes-arguments-arguments-invalid-bytes] PASSED [ 41%]
test_independent_robustness_b9b5921c.py::test_non_durable_values_are_protocol_errors_and_atomic[True-surrogate-object-object-surrogate] PASSED [ 42%]
test_independent_robustness_b9b5921c.py::test_non_durable_values_are_protocol_errors_and_atomic[True-cycle-arguments-arguments-cycle] PASSED [ 43%]
test_independent_robustness_b9b5921c.py::test_non_durable_values_are_protocol_errors_and_atomic[True-deep-object-object-deep] PASSED [ 44%]
test_independent_robustness_b9b5921c.py::test_non_durable_values_are_protocol_errors_and_atomic[True-huge-int-arguments-arguments-huge-int] PASSED [ 45%]
test_independent_robustness_b9b5921c.py::test_non_durable_values_are_protocol_errors_and_atomic[True-nan-object-object-nan] PASSED [ 46%]
test_independent_robustness_b9b5921c.py::test_non_durable_values_are_protocol_errors_and_atomic[True-infinity-arguments-arguments-infinity] PASSED [ 47%]
test_independent_robustness_b9b5921c.py::test_non_durable_values_are_protocol_errors_and_atomic[True-unsupported-object-object-unsupported] PASSED [ 48%]
test_independent_robustness_b9b5921c.py::test_allowed_extra_fields_inside_any_are_preserved PASSED [ 50%]
test_independent_robustness_b9b5921c.py::test_dirty_nested_schema_forbidden_field_is_rejected PASSED [ 51%]
test_independent_robustness_b9b5921c.py::test_dirty_canonical_object_extra_is_rejected_not_dropped PASSED [ 52%]
test_independent_robustness_b9b5921c.py::test_dirty_canonical_extra_cannot_false_replay_existing_key PASSED [ 53%]
test_independent_robustness_b9b5921c.py::test_model_copy_valid_field_update_is_preserved PASSED [ 54%]
test_independent_robustness_b9b5921c.py::test_dirty_string_revision_is_canonicalized_before_persistence_and_replay[object] PASSED [ 55%]
test_independent_robustness_b9b5921c.py::test_dirty_string_revision_is_canonicalized_before_persistence_and_replay[source] PASSED [ 56%]
test_independent_robustness_b9b5921c.py::test_dirty_reference_invalid_forms_fail_closed_and_atomic[False-malformed-object] PASSED [ 57%]
test_independent_robustness_b9b5921c.py::test_dirty_reference_invalid_forms_fail_closed_and_atomic[False-malformed-source] PASSED [ 58%]
test_independent_robustness_b9b5921c.py::test_dirty_reference_invalid_forms_fail_closed_and_atomic[False-negative-object] PASSED [ 59%]
test_independent_robustness_b9b5921c.py::test_dirty_reference_invalid_forms_fail_closed_and_atomic[False-negative-source] PASSED [ 60%]
test_independent_robustness_b9b5921c.py::test_dirty_reference_invalid_forms_fail_closed_and_atomic[False-unknown-field-object] PASSED [ 61%]
test_independent_robustness_b9b5921c.py::test_dirty_reference_invalid_forms_fail_closed_and_atomic[False-unknown-field-source] PASSED [ 62%]
test_independent_robustness_b9b5921c.py::test_dirty_reference_invalid_forms_fail_closed_and_atomic[True-malformed-object] PASSED [ 63%]
test_independent_robustness_b9b5921c.py::test_dirty_reference_invalid_forms_fail_closed_and_atomic[True-malformed-source] PASSED [ 64%]
test_independent_robustness_b9b5921c.py::test_dirty_reference_invalid_forms_fail_closed_and_atomic[True-negative-object] PASSED [ 65%]
test_independent_robustness_b9b5921c.py::test_dirty_reference_invalid_forms_fail_closed_and_atomic[True-negative-source] PASSED [ 67%]
test_independent_robustness_b9b5921c.py::test_dirty_reference_invalid_forms_fail_closed_and_atomic[True-unknown-field-object] PASSED [ 68%]
test_independent_robustness_b9b5921c.py::test_dirty_reference_invalid_forms_fail_closed_and_atomic[True-unknown-field-source] PASSED [ 69%]
test_independent_robustness_b9b5921c.py::test_dirty_expected_world_revision_string_normalizes_and_replays PASSED [ 70%]
test_independent_robustness_b9b5921c.py::test_dirty_operation_id_bytes_normalizes_before_sqlite PASSED [ 71%]
test_independent_robustness_b9b5921c.py::test_dirty_idempotency_key_bytes_normalizes_and_exact_replays PASSED [ 72%]
test_independent_robustness_b9b5921c.py::test_dirty_invalid_idempotency_lookup_values_are_invalid_argument_and_atomic[bad_key0] PASSED [ 73%]
test_independent_robustness_b9b5921c.py::test_dirty_invalid_idempotency_lookup_values_are_invalid_argument_and_atomic[None] PASSED [ 74%]
test_independent_robustness_b9b5921c.py::test_dirty_invalid_idempotency_lookup_values_are_invalid_argument_and_atomic[   ] PASSED [ 75%]
test_independent_robustness_b9b5921c.py::test_existing_key_dirty_operation_has_conflict_priority_and_is_atomic[expected_world_revision-not-an-int] PASSED [ 76%]
test_independent_robustness_b9b5921c.py::test_existing_key_dirty_operation_has_conflict_priority_and_is_atomic[operation_id-bad_value1] PASSED [ 77%]
test_independent_robustness_b9b5921c.py::test_existing_key_dirty_operation_has_conflict_priority_and_is_atomic[arguments-bad_value2] PASSED [ 78%]
test_independent_robustness_b9b5921c.py::test_legacy_unambiguous_json_exact_replay_remains_compatible PASSED [ 79%]
test_independent_robustness_b9b5921c.py::test_legacy_ambiguous_ref_shaped_plain_json_fails_closed[plain_value0] PASSED [ 80%]
test_independent_robustness_b9b5921c.py::test_legacy_ambiguous_ref_shaped_plain_json_fails_closed[plain_value1] PASSED [ 81%]
test_independent_robustness_b9b5921c.py::test_legacy_row_never_guesses_typed_reference_equal_to_opaque_dict[object] PASSED [ 82%]
test_independent_robustness_b9b5921c.py::test_legacy_row_never_guesses_typed_reference_equal_to_opaque_dict[source] PASSED [ 84%]
test_independent_robustness_b9b5921c.py::test_missing_reference_is_not_found_and_atomic PASSED [ 85%]
test_independent_robustness_b9b5921c.py::test_current_or_floating_self_reference_is_dependency_invalid[None] PASSED [ 86%]
test_independent_robustness_b9b5921c.py::test_current_or_floating_self_reference_is_dependency_invalid[1] PASSED [ 87%]
test_independent_robustness_b9b5921c.py::test_pinned_self_reference_to_prior_revision_is_allowed PASSED [ 88%]
test_independent_robustness_b9b5921c.py::test_same_transaction_reference_is_visible_when_time_consistent PASSED [ 89%]
test_independent_robustness_b9b5921c.py::test_evidence_set_cutoff_excludes_future_known_reference PASSED [ 90%]
test_independent_robustness_b9b5921c.py::test_generic_future_known_reference_is_not_visible PASSED [ 91%]
test_independent_robustness_b9b5921c.py::test_stale_expected_world_revision_is_version_conflict_and_atomic PASSED [ 92%]
test_independent_robustness_b9b5921c.py::test_canonical_object_type_persists_as_declared PASSED [ 93%]
test_independent_robustness_b9b5921c.py::test_wrong_concrete_model_claiming_other_canonical_type_is_rejected PASSED [ 94%]
test_independent_robustness_b9b5921c.py::test_dirty_equivalent_object_type_string_normalizes PASSED [ 95%]
test_independent_robustness_b9b5921c.py::test_unknown_dirty_object_type_is_invalid_argument_and_atomic PASSED [ 96%]
test_independent_robustness_b9b5921c.py::test_non_string_mapping_keys_are_rejected_without_silent_collision[value0] PASSED [ 97%]
test_independent_robustness_b9b5921c.py::test_non_string_mapping_keys_are_rejected_without_silent_collision[value1] PASSED [ 98%]
test_independent_robustness_b9b5921c.py::test_non_string_mapping_key_in_operation_arguments_is_atomic PASSED [100%]

============================== 94 passed in 1.46s ==============================
