FFFFF.F.................                                                 [100%]
=================================== FAILURES ===================================
____ test_b10_unknown_dirty_type_is_protocol_rejection[False-unknown-type] _____

tmp_path = PosixPath('/tmp/pytest-of-user/pytest-7/test_b10_unknown_dirty_type_is0')
declared = 'unknown-type', retry = False

    @pytest.mark.parametrize('declared', ['unknown-type', None, ['dependency']])
    @pytest.mark.parametrize('retry', [False, True])
    def test_b10_unknown_dirty_type_is_protocol_rejection(tmp_path, declared, retry):
        store = SQLiteWorldStore(tmp_path / 'world.db')
        request = op(0, 'dirty')
        obj = obs('obj', 'ok')
        if retry:
            store.commit([obj], request)
        dirty = obj.model_copy(update={'object_type': declared})
        with pytest.raises(StoreError) as exc:
>           store.commit([dirty], request)

tests/unit/test_m0_b10_b11_repair_edges.py:26: 
_ _ _ _ _ _ _ _ _ _ _ _ _ _ _ _ _ _ _ _ _ _ _ _ _ _ _ _ _ _ _ _ _ _ _ _ _ _ _ _ 
src/aios_core/storage/sqlite_store.py:461: in commit
    validated = normalize_world_object_for_persistence(obj)
                ^^^^^^^^^^^^^^^^^^^^^^^^^^^^^^^^^^^^^^^^^^^
src/aios_core/storage/idempotency.py:102: in normalize_world_object_for_persistence
    canonical_model = canonical_model_for_object_type(obj.object_type)
                      ^^^^^^^^^^^^^^^^^^^^^^^^^^^^^^^^^^^^^^^^^^^^^^^^
_ _ _ _ _ _ _ _ _ _ _ _ _ _ _ _ _ _ _ _ _ _ _ _ _ _ _ _ _ _ _ _ _ _ _ _ _ _ _ _ 

object_type = 'unknown-type'

    def canonical_model_for_object_type(object_type: ObjectType) -> type[WorldObject]:
        """Return the one frozen durable model authorized for this ObjectType."""
    
>       return CANONICAL_WORLD_OBJECT_MODELS[object_type]
               ^^^^^^^^^^^^^^^^^^^^^^^^^^^^^^^^^^^^^^^^^^
E       KeyError: 'unknown-type'

src/aios_core/contracts/registry.py:60: KeyError
________ test_b10_unknown_dirty_type_is_protocol_rejection[False-None] _________

tmp_path = PosixPath('/tmp/pytest-of-user/pytest-7/test_b10_unknown_dirty_type_is1')
declared = None, retry = False

    @pytest.mark.parametrize('declared', ['unknown-type', None, ['dependency']])
    @pytest.mark.parametrize('retry', [False, True])
    def test_b10_unknown_dirty_type_is_protocol_rejection(tmp_path, declared, retry):
        store = SQLiteWorldStore(tmp_path / 'world.db')
        request = op(0, 'dirty')
        obj = obs('obj', 'ok')
        if retry:
            store.commit([obj], request)
        dirty = obj.model_copy(update={'object_type': declared})
        with pytest.raises(StoreError) as exc:
>           store.commit([dirty], request)

tests/unit/test_m0_b10_b11_repair_edges.py:26: 
_ _ _ _ _ _ _ _ _ _ _ _ _ _ _ _ _ _ _ _ _ _ _ _ _ _ _ _ _ _ _ _ _ _ _ _ _ _ _ _ 
src/aios_core/storage/sqlite_store.py:461: in commit
    validated = normalize_world_object_for_persistence(obj)
                ^^^^^^^^^^^^^^^^^^^^^^^^^^^^^^^^^^^^^^^^^^^
src/aios_core/storage/idempotency.py:102: in normalize_world_object_for_persistence
    canonical_model = canonical_model_for_object_type(obj.object_type)
                      ^^^^^^^^^^^^^^^^^^^^^^^^^^^^^^^^^^^^^^^^^^^^^^^^
_ _ _ _ _ _ _ _ _ _ _ _ _ _ _ _ _ _ _ _ _ _ _ _ _ _ _ _ _ _ _ _ _ _ _ _ _ _ _ _ 

object_type = None

    def canonical_model_for_object_type(object_type: ObjectType) -> type[WorldObject]:
        """Return the one frozen durable model authorized for this ObjectType."""
    
>       return CANONICAL_WORLD_OBJECT_MODELS[object_type]
               ^^^^^^^^^^^^^^^^^^^^^^^^^^^^^^^^^^^^^^^^^^
E       KeyError: None

src/aios_core/contracts/registry.py:60: KeyError
______ test_b10_unknown_dirty_type_is_protocol_rejection[False-declared2] ______

tmp_path = PosixPath('/tmp/pytest-of-user/pytest-7/test_b10_unknown_dirty_type_is2')
declared = ['dependency'], retry = False

    @pytest.mark.parametrize('declared', ['unknown-type', None, ['dependency']])
    @pytest.mark.parametrize('retry', [False, True])
    def test_b10_unknown_dirty_type_is_protocol_rejection(tmp_path, declared, retry):
        store = SQLiteWorldStore(tmp_path / 'world.db')
        request = op(0, 'dirty')
        obj = obs('obj', 'ok')
        if retry:
            store.commit([obj], request)
        dirty = obj.model_copy(update={'object_type': declared})
        with pytest.raises(StoreError) as exc:
>           store.commit([dirty], request)

tests/unit/test_m0_b10_b11_repair_edges.py:26: 
_ _ _ _ _ _ _ _ _ _ _ _ _ _ _ _ _ _ _ _ _ _ _ _ _ _ _ _ _ _ _ _ _ _ _ _ _ _ _ _ 
src/aios_core/storage/sqlite_store.py:461: in commit
    validated = normalize_world_object_for_persistence(obj)
                ^^^^^^^^^^^^^^^^^^^^^^^^^^^^^^^^^^^^^^^^^^^
src/aios_core/storage/idempotency.py:102: in normalize_world_object_for_persistence
    canonical_model = canonical_model_for_object_type(obj.object_type)
                      ^^^^^^^^^^^^^^^^^^^^^^^^^^^^^^^^^^^^^^^^^^^^^^^^
_ _ _ _ _ _ _ _ _ _ _ _ _ _ _ _ _ _ _ _ _ _ _ _ _ _ _ _ _ _ _ _ _ _ _ _ _ _ _ _ 

object_type = ['dependency']

    def canonical_model_for_object_type(object_type: ObjectType) -> type[WorldObject]:
        """Return the one frozen durable model authorized for this ObjectType."""
    
>       return CANONICAL_WORLD_OBJECT_MODELS[object_type]
               ^^^^^^^^^^^^^^^^^^^^^^^^^^^^^^^^^^^^^^^^^^
E       TypeError: unhashable type: 'list'

src/aios_core/contracts/registry.py:60: TypeError
_____ test_b10_unknown_dirty_type_is_protocol_rejection[True-unknown-type] _____

tmp_path = PosixPath('/tmp/pytest-of-user/pytest-7/test_b10_unknown_dirty_type_is3')
declared = 'unknown-type', retry = True

    @pytest.mark.parametrize('declared', ['unknown-type', None, ['dependency']])
    @pytest.mark.parametrize('retry', [False, True])
    def test_b10_unknown_dirty_type_is_protocol_rejection(tmp_path, declared, retry):
        store = SQLiteWorldStore(tmp_path / 'world.db')
        request = op(0, 'dirty')
        obj = obs('obj', 'ok')
        if retry:
            store.commit([obj], request)
        dirty = obj.model_copy(update={'object_type': declared})
        with pytest.raises(StoreError) as exc:
>           store.commit([dirty], request)

tests/unit/test_m0_b10_b11_repair_edges.py:26: 
_ _ _ _ _ _ _ _ _ _ _ _ _ _ _ _ _ _ _ _ _ _ _ _ _ _ _ _ _ _ _ _ _ _ _ _ _ _ _ _ 
src/aios_core/storage/sqlite_store.py:409: in commit
    replay = self._get_idempotent_result(conn, operation, object_list)
             ^^^^^^^^^^^^^^^^^^^^^^^^^^^^^^^^^^^^^^^^^^^^^^^^^^^^^^^^^
src/aios_core/storage/sqlite_store.py:209: in _get_idempotent_result
    incoming_fingerprint = request_fingerprint(operation, objects)
                           ^^^^^^^^^^^^^^^^^^^^^^^^^^^^^^^^^^^^^^^
src/aios_core/storage/idempotency.py:152: in request_fingerprint
    "objects": _object_entries(objects),
               ^^^^^^^^^^^^^^^^^^^^^^^^
src/aios_core/storage/idempotency.py:119: in _object_entries
    payload = canonical_world_object_payload(obj)
              ^^^^^^^^^^^^^^^^^^^^^^^^^^^^^^^^^^^
src/aios_core/storage/idempotency.py:109: in canonical_world_object_payload
    normalized = normalize_world_object_for_persistence(obj)
                 ^^^^^^^^^^^^^^^^^^^^^^^^^^^^^^^^^^^^^^^^^^^
src/aios_core/storage/idempotency.py:102: in normalize_world_object_for_persistence
    canonical_model = canonical_model_for_object_type(obj.object_type)
                      ^^^^^^^^^^^^^^^^^^^^^^^^^^^^^^^^^^^^^^^^^^^^^^^^
_ _ _ _ _ _ _ _ _ _ _ _ _ _ _ _ _ _ _ _ _ _ _ _ _ _ _ _ _ _ _ _ _ _ _ _ _ _ _ _ 

object_type = 'unknown-type'

    def canonical_model_for_object_type(object_type: ObjectType) -> type[WorldObject]:
        """Return the one frozen durable model authorized for this ObjectType."""
    
>       return CANONICAL_WORLD_OBJECT_MODELS[object_type]
               ^^^^^^^^^^^^^^^^^^^^^^^^^^^^^^^^^^^^^^^^^^
E       KeyError: 'unknown-type'

src/aios_core/contracts/registry.py:60: KeyError
_________ test_b10_unknown_dirty_type_is_protocol_rejection[True-None] _________

tmp_path = PosixPath('/tmp/pytest-of-user/pytest-7/test_b10_unknown_dirty_type_is4')
declared = None, retry = True

    @pytest.mark.parametrize('declared', ['unknown-type', None, ['dependency']])
    @pytest.mark.parametrize('retry', [False, True])
    def test_b10_unknown_dirty_type_is_protocol_rejection(tmp_path, declared, retry):
        store = SQLiteWorldStore(tmp_path / 'world.db')
        request = op(0, 'dirty')
        obj = obs('obj', 'ok')
        if retry:
            store.commit([obj], request)
        dirty = obj.model_copy(update={'object_type': declared})
        with pytest.raises(StoreError) as exc:
>           store.commit([dirty], request)

tests/unit/test_m0_b10_b11_repair_edges.py:26: 
_ _ _ _ _ _ _ _ _ _ _ _ _ _ _ _ _ _ _ _ _ _ _ _ _ _ _ _ _ _ _ _ _ _ _ _ _ _ _ _ 
src/aios_core/storage/sqlite_store.py:409: in commit
    replay = self._get_idempotent_result(conn, operation, object_list)
             ^^^^^^^^^^^^^^^^^^^^^^^^^^^^^^^^^^^^^^^^^^^^^^^^^^^^^^^^^
src/aios_core/storage/sqlite_store.py:209: in _get_idempotent_result
    incoming_fingerprint = request_fingerprint(operation, objects)
                           ^^^^^^^^^^^^^^^^^^^^^^^^^^^^^^^^^^^^^^^
src/aios_core/storage/idempotency.py:152: in request_fingerprint
    "objects": _object_entries(objects),
               ^^^^^^^^^^^^^^^^^^^^^^^^
src/aios_core/storage/idempotency.py:119: in _object_entries
    payload = canonical_world_object_payload(obj)
              ^^^^^^^^^^^^^^^^^^^^^^^^^^^^^^^^^^^
src/aios_core/storage/idempotency.py:109: in canonical_world_object_payload
    normalized = normalize_world_object_for_persistence(obj)
                 ^^^^^^^^^^^^^^^^^^^^^^^^^^^^^^^^^^^^^^^^^^^
src/aios_core/storage/idempotency.py:102: in normalize_world_object_for_persistence
    canonical_model = canonical_model_for_object_type(obj.object_type)
                      ^^^^^^^^^^^^^^^^^^^^^^^^^^^^^^^^^^^^^^^^^^^^^^^^
_ _ _ _ _ _ _ _ _ _ _ _ _ _ _ _ _ _ _ _ _ _ _ _ _ _ _ _ _ _ _ _ _ _ _ _ _ _ _ _ 

object_type = None

    def canonical_model_for_object_type(object_type: ObjectType) -> type[WorldObject]:
        """Return the one frozen durable model authorized for this ObjectType."""
    
>       return CANONICAL_WORLD_OBJECT_MODELS[object_type]
               ^^^^^^^^^^^^^^^^^^^^^^^^^^^^^^^^^^^^^^^^^^
E       KeyError: None

src/aios_core/contracts/registry.py:60: KeyError
_________ test_b10_registry_cannot_be_mutated_to_authorize_base_model __________

    def test_b10_registry_cannot_be_mutated_to_authorize_base_model():
        from aios_core.contracts import WorldObject
        original = CANONICAL_WORLD_OBJECT_MODELS[ObjectType.DEPENDENCY]
        try:
>           with pytest.raises(TypeError):
E           Failed: DID NOT RAISE <class 'TypeError'>

tests/unit/test_m0_b10_b11_repair_edges.py:38: Failed
=========================== short test summary info ============================
FAILED tests/unit/test_m0_b10_b11_repair_edges.py::test_b10_unknown_dirty_type_is_protocol_rejection[False-unknown-type]
FAILED tests/unit/test_m0_b10_b11_repair_edges.py::test_b10_unknown_dirty_type_is_protocol_rejection[False-None]
FAILED tests/unit/test_m0_b10_b11_repair_edges.py::test_b10_unknown_dirty_type_is_protocol_rejection[False-declared2]
FAILED tests/unit/test_m0_b10_b11_repair_edges.py::test_b10_unknown_dirty_type_is_protocol_rejection[True-unknown-type]
FAILED tests/unit/test_m0_b10_b11_repair_edges.py::test_b10_unknown_dirty_type_is_protocol_rejection[True-None]
FAILED tests/unit/test_m0_b10_b11_repair_edges.py::test_b10_registry_cannot_be_mutated_to_authorize_base_model
6 failed, 18 passed in 0.52s
